🚀 Starting 4 parallel scans on 2603:c021:1:a500:7588::5, 2603:c021:1:a500:7588::4, 2603:c021:1:a500:7588::3, 2603:c021:1:a500:7588::2
   Started at: 2026-08-02T21:30:01.236Z

[high_tier] Starting scan on IP 2603:c021:1:a500:7588::5, sell world: Mateus
[mid_high] Starting scan on IP 2603:c021:1:a500:7588::4, sell world: Mateus
[low_tier] Starting scan on IP 2603:c021:1:a500:7588::2, sell world: Mateus
[mid] Starting scan on IP 2603:c021:1:a500:7588::3, sell world: Mateus
[high_tier] Mateus (ID 37) [DC: Crystal]
[mid_high] Mateus (ID 37) [DC: Crystal]
[low_tier] Mateus (ID 37) [DC: Crystal]
[mid] Mateus (ID 37) [DC: Crystal]
[high_tier] 16,843 marketable items
[high_tier] Batches: 169 (16,843 items @ 100/batch)
[mid_high] 16,843 marketable items
[mid_high] Batches: 169 (16,843 items @ 100/batch)
[low_tier] 16,843 marketable items
[low_tier] Batches: 169 (16,843 items @ 100/batch)
[mid] 16,843 marketable items
[mid] Batches: 169 (16,843 items @ 100/batch)
[mid] [25/169] 138.7s — 0 candidates
[mid] [50/169] 138.7s — 15 candidates
[mid] [75/169] 138.7s — 18 candidates
[mid] [100/169] 138.7s — 27 candidates
[mid] [125/169] 138.7s — 43 candidates
[mid] [150/169] 138.7s — 46 candidates
[mid] [169/169] 138.7s — 70 candidates
[mid] 169 batches in 138.7s | 70 flip candidates | 0 items with no listings
[mid] Fetching history for 70 candidates (1 batches)
[mid] History fetched in 1.0s
[mid] Filtered out 44 items last sold > 16h ago
[mid] Fetching item names for 26 candidates
[mid] Falling back to v2.xivapi for 16 items
[mid] Names fetched in 1.2s
[mid] Final candidates: 26
[mid] ✅ 26 candidates → /home/ubuntu/web/ffxiv-scripts/web/scans/mateus_mid.json
[high_tier] [25/169] 154.7s — 0 candidates
[high_tier] [50/169] 154.7s — 0 candidates
[high_tier] [75/169] 154.7s — 1 candidates
[high_tier] [100/169] 154.7s — 7 candidates
[high_tier] [125/169] 154.7s — 14 candidates
[high_tier] [150/169] 154.7s — 31 candidates
[high_tier] [169/169] 154.7s — 62 candidates
[high_tier] 169 batches in 154.7s | 62 flip candidates | 0 items with no listings
[high_tier] Fetching history for 62 candidates (1 batches)
[high_tier] History fetched in 0.6s
[high_tier] Filtered out 32 items last sold > 72h ago
[high_tier] Fetching item names for 30 candidates
[high_tier] Falling back to v2.xivapi for 16 items
[high_tier] Names fetched in 1.1s
[high_tier] Final candidates: 30
[high_tier] ✅ 30 candidates → /home/ubuntu/web/ffxiv-scripts/web/scans/mateus_high_tier.json
[low_tier] [25/169] 157.3s — 0 candidates
[low_tier] [50/169] 157.3s — 22 candidates
[low_tier] [75/169] 157.3s — 32 candidates
[low_tier] [100/169] 157.3s — 53 candidates
[low_tier] [125/169] 157.3s — 87 candidates
[low_tier] [150/169] 157.3s — 108 candidates
[low_tier] [169/169] 157.3s — 147 candidates
[low_tier] 169 batches in 157.3s | 147 flip candidates | 0 items with no listings
[low_tier] Fetching history for 147 candidates (2 batches)
[low_tier] History fetched in 0.9s
[low_tier] Filtered out 122 items last sold > 4h ago
[low_tier] Fetching item names for 25 candidates
[low_tier] Falling back to v2.xivapi for 11 items
[mid_high] [25/169] 159.2s — 0 candidates
[mid_high] [50/169] 159.2s — 8 candidates
[mid_high] [75/169] 159.2s — 14 candidates
[mid_high] [100/169] 159.2s — 22 candidates
[mid_high] [125/169] 159.2s — 34 candidates
[mid_high] [150/169] 159.2s — 43 candidates
[mid_high] [169/169] 159.2s — 103 candidates
[mid_high] 169 batches in 159.2s | 103 flip candidates | 0 items with no listings
[mid_high] Fetching history for 103 candidates (2 batches)
[low_tier] Names fetched in 0.9s
[low_tier] Final candidates: 25
[low_tier] ✅ 25 candidates → /home/ubuntu/web/ffxiv-scripts/web/scans/mateus_low_tier.json
[mid_high] History fetched in 1.1s
[mid_high] Filtered out 34 items last sold > 48h ago
[mid_high] Fetching item names for 69 candidates
[mid_high] Falling back to v2.xivapi for 44 items
[mid_high] Names fetched in 1.5s
[mid_high] Final candidates: 69
[mid_high] ✅ 69 candidates → /home/ubuntu/web/ffxiv-scripts/web/scans/mateus_mid_high.json

✅ 4/4 scans completed. Summary → /home/ubuntu/web/ffxiv-scripts/web/scans/index.json
